<html>
<body>
<pre>
<h1>µVision Build Log</h1>
<h2>Project:</h2>
C:\Users\Raju\Desktop\Github\CO2_Sensor\C02Node\TEST01\TEST01.uvproj
Project File Date:  05/13/2015

<h2>Output:</h2>
Build target 'MKL15Z32xxx4'
compiling AD1.c...
compiling AS1.c...
compiling AS2.c...
compiling Cpu.c...
compiling Events.c...
compiling GPIO1.c...
compiling PE_LDD.c...
compiling TI1.c...
compiling TU1.c...
compiling TimerIntLdd1.c...
compiling Vectors.c...
compiling main.c...
Sources\main.c(186): warning:  #128-D: loop is not reachable
    for(;;){}
Sources\main.c(83): warning:  #177-D: variable "i" was declared but never referenced
        uint8_t i ;
Sources\main.c(218): warning:  #177-D: variable "str" was declared but never referenced
        uint8_t  str[20] ;
Sources\main.c(219): warning:  #177-D: variable "temp" was declared but never referenced
        uint16_t temp = 0x1234 ;
Sources\main.c: 4 warnings, 0 errors
compiling startup_ARM_CC.c...
compiling os.c...
Sources\os.c(60): warning:  #177-D: variable "beat_count" was declared but never referenced
        static  uint8_t beat_count = 0 ;  
Sources\os.c(61): warning:  #177-D: variable "rever_heartled" was declared but never referenced
        static uint8_t rever_heartled = 0 ;
Sources\os.c: 2 warnings, 0 errors
compiling flash.c...
compiling modbus.c...
compiling iic.c...
compiling htu21.c...
compiling FLASH1.c...
compiling crc.c...
compiling GPIO2.c...
compiling PSENSOR.C...
Sources\PSENSOR.C(293): warning:  #167-D: argument of type "int8_t *" is incompatible with parameter of type "char *restrict"
     sprintf(str, "PT=%d\n\r", (int16_t)temperature);    
Sources\PSENSOR.C(294): warning:  #167-D: argument of type "int8_t *" is incompatible with parameter of type "const char *"
         AS2_SendBlock(AS2_ptr, str, strlen(str))  ;
Sources\PSENSOR.C(410): warning:  #167-D: argument of type "int8_t *" is incompatible with parameter of type "char *restrict"
     sprintf(str, "PP=%u\n\r", (uint32_t)pressure);      
Sources\PSENSOR.C(411): warning:  #167-D: argument of type "int8_t *" is incompatible with parameter of type "const char *"
         AS2_SendBlock(AS2_ptr, str, strlen(str))  ;
Sources\PSENSOR.C(427): warning:  #177-D: variable "str" was declared but never referenced
        int8_t  str[20];
Sources\PSENSOR.C: 5 warnings, 0 errors
compiling lmp91051.c...
compiling co2.c...
compiling caculate.c...
compiling aq.c...
linking...
Program Size: Code=28156 RO-data=1052 RW-data=176 ZI-data=1428  
FromELF: creating hex file...
".\UVBuild\TEST01.axf" - 0 Error(s), 11 Warning(s).
Load "C:\\Users\\Raju\\Desktop\\Github\\CO2_Sensor\\C02Node\\TEST01\\UVBuild\\TEST01.axf" 
Internal DLL Error
Error: Flash Download failed  -  Target DLL has been cancelled
</pre>
</body>
</html>
